// Jest Snapshot v1, https://goo.gl/fbAQLP

exports[`<ArticlePreview /> <ArticlePreview /> snapshot 1`] = `
ShallowWrapper {
  Symbol(enzyme.__root__): [Circular],
  Symbol(enzyme.__unrendered__): <WithStyles(ArticlePreview)
    article={
      Object {
        "_id": "Item-Id-Test",
        "document_type": "article",
        "headline": Object {
          "main": "Item-Headline-Main-Test",
        },
        "multimedia": Array [
          Object {
            "url": "image-url-test",
          },
        ],
        "pub_date": "2018-09-24T15:58:39+0000",
        "snippet": "Item-Snippet-Test",
        "web_url": "https://test-item.com",
      }
    }
    topic="test"
  />,
  Symbol(enzyme.__renderer__): Object {
    "batchedUpdates": [Function],
    "getNode": [Function],
    "render": [Function],
    "simulateError": [Function],
    "simulateEvent": [Function],
    "unmount": [Function],
  },
  Symbol(enzyme.__node__): Object {
    "instance": null,
    "key": undefined,
    "nodeType": "class",
    "props": Object {
      "article": Object {
        "_id": "Item-Id-Test",
        "document_type": "article",
        "headline": Object {
          "main": "Item-Headline-Main-Test",
        },
        "multimedia": Array [
          Object {
            "url": "image-url-test",
          },
        ],
        "pub_date": "2018-09-24T15:58:39+0000",
        "snippet": "Item-Snippet-Test",
        "web_url": "https://test-item.com",
      },
      "classes": Object {
        "action": "ArticlePreview-action-1",
        "link": "ArticlePreview-link-3",
        "media": "ArticlePreview-media-2",
      },
      "topic": "test",
    },
    "ref": null,
    "rendered": null,
    "type": [Function],
  },
  Symbol(enzyme.__nodes__): Array [
    Object {
      "instance": null,
      "key": undefined,
      "nodeType": "class",
      "props": Object {
        "article": Object {
          "_id": "Item-Id-Test",
          "document_type": "article",
          "headline": Object {
            "main": "Item-Headline-Main-Test",
          },
          "multimedia": Array [
            Object {
              "url": "image-url-test",
            },
          ],
          "pub_date": "2018-09-24T15:58:39+0000",
          "snippet": "Item-Snippet-Test",
          "web_url": "https://test-item.com",
        },
        "classes": Object {
          "action": "ArticlePreview-action-1",
          "link": "ArticlePreview-link-3",
          "media": "ArticlePreview-media-2",
        },
        "topic": "test",
      },
      "ref": null,
      "rendered": null,
      "type": [Function],
    },
  ],
  Symbol(enzyme.__options__): Object {
    "adapter": ReactSixteenAdapter {
      "options": Object {
        "enableComponentDidUpdateOnSetState": true,
        "lifecycles": Object {
          "componentDidUpdate": Object {
            "onSetState": true,
          },
          "getDerivedStateFromProps": true,
          "getSnapshotBeforeUpdate": true,
          "setState": Object {
            "skipsComponentDidUpdateOnNullish": true,
          },
        },
      },
    },
    "attachTo": undefined,
    "hydrateIn": undefined,
  },
}
`;
